OpenBSD 7.5 (GENERIC.MP) #138: Wed Mar 20 19:42:15 MDT 2024
    deraadt@arm64.openbsd.org:/usr/src/sys/arch/arm64/compile/GENERIC.MP
real mem  = 970903552 (925MB)
avail mem = 900796416 (859MB)
random: good seed from bootblocks
mainbus0 at root: Raspberry Pi 3 Model B Rev 1.2
efi0 at mainbus0: UEFI 2.8
efi0: Das U-Boot rev 0x20211000
smbios0 at efi0: SMBIOS 3.0
smbios0: vendor U-Boot version "2021.10" date 10/01/2021
smbios0: Unknown Unknown Product
cpu0 at mainbus0 mpidr 0: ARM Cortex-A53 r0p4
cpu0: 32KB 64b/line 2-way L1 VIPT I-cache, 32KB 64b/line 4-way L1 D-cache
cpu0: 512KB 64b/line 16-way L2 cache
cpu0: CRC32,ASID16
cpu1 at mainbus0 mpidr 1: ARM Cortex-A53 r0p4
cpu1: 32KB 64b/line 2-way L1 VIPT I-cache, 32KB 64b/line 4-way L1 D-cache
cpu1: 512KB 64b/line 16-way L2 cache
cpu2 at mainbus0 mpidr 2: ARM Cortex-A53 r0p4
cpu2: 32KB 64b/line 2-way L1 VIPT I-cache, 32KB 64b/line 4-way L1 D-cache
cpu2: 512KB 64b/line 16-way L2 cache
cpu3 at mainbus0 mpidr 3: ARM Cortex-A53 r0p4
cpu3: 32KB 64b/line 2-way L1 VIPT I-cache, 32KB 64b/line 4-way L1 D-cache
cpu3: 512KB 64b/line 16-way L2 cache
"linux,cma" at mainbus0 not configured
apm0 at mainbus0
simplefb0 at mainbus0: 1824x984, 32bpp
wsdisplay0 at simplefb0 mux 1: console (std, vt100 emulation)
wsdisplay0: screen 1-5 added (std, vt100 emulation)
"system" at mainbus0 not configured
"axi" at mainbus0 not configured
simplebus0 at mainbus0: "soc"
bcmclock0 at simplebus0
bcmmbox0 at simplebus0
bcmgpio0 at simplebus0
bcmaux0 at simplebus0
bcmdmac0 at simplebus0: DMA0 DMA2 DMA4 DMA5 DMA8 DMA9 DMA10 DMA11
bcmintc0 at simplebus0
pluart0 at simplebus0: rev 2, 16 byte fifo
bcmsdhost0 at simplebus0: 250 MHz base clock
sdmmc0 at bcmsdhost0: 4-bit, sd high-speed, mmc high-speed, dma
dwctwo0 at simplebus0
bcmdog0 at simplebus0
bcmrng0 at simplebus0
bcmtemp0 at simplebus0
"local_intc" at simplebus0 not configured
sdhc0 at simplebus0
sdhc0: SDHC 3.00, 200 MHz base clock
sdmmc1 at sdhc0: 4-bit, sd high-speed, mmc high-speed
"firmware" at simplebus0 not configured
"power" at simplebus0 not configured
"mailbox" at simplebus0 not configured
"gpiomem" at simplebus0 not configured
"fb" at simplebus0 not configured
"vcsm" at simplebus0 not configured
"virtgpio" at simplebus0 not configured
"clocks" at mainbus0 not configured
"phy" at mainbus0 not configured
"arm-pmu" at mainbus0 not configured
agtimer0 at mainbus0: 19200 kHz
gpioleds0 at mainbus0: "led0"
"fixedregulator_3v3" at mainbus0 not configured
"fixedregulator_5v0" at mainbus0 not configured
usb0 at dwctwo0: USB revision 2.0
uhub0 at usb0 configuration 1 interface 0 "Broadcom DWC2 root hub" rev 2.00/1.00 addr 1
scsibus0 at sdmmc0: 2 targets, initiator 0
sd0 at scsibus0 targ 1 lun 0: <Sandisk, SN256, 0086> removable
sd0: 244016MB, 512 bytes/sector, 499744768 sectors
uhub1 at uhub0 port 1 configuration 1 interface 0 "Standard Microsystems product 0x9514" rev 2.00/2.00 addr 2
bwfm0 at sdmmc1 function 1
manufacturer 0x02d0, product 0xa9a6 at sdmmc1 function 2 not configured
smsc0 at uhub1 port 1 configuration 1 interface 0 "Standard Microsystems SMSC9512/14" rev 2.00/2.00 addr 3
smsc0: address b8:27:eb:da:a1:09
ukphy0 at smsc0 phy 1: Generic IEEE 802.3u media interface, rev. 3: OUI 0x0001f0, model 0x000c
uhidev0 at uhub1 port 2 configuration 1 interface 0 "SONiX USB DEVICE" rev 2.00/1.07 addr 4
uhidev0: iclass 3/1
ukbd0 at uhidev0: 8 variable keys, 6 key codes
wskbd0 at ukbd0: console keyboard, using wsdisplay0
uhidev1 at uhub1 port 2 configuration 1 interface 1 "SONiX USB DEVICE" rev 2.00/1.07 addr 4
uhidev1: iclass 3/1, 4 report ids
ukbd1 at uhidev1 reportid 1: 120 variable keys, 0 key codes
wskbd1 at ukbd1 mux 1
wskbd1: connecting to wsdisplay0
uhid0 at uhidev1 reportid 2: input=1, output=0, feature=0
ucc0 at uhidev1 reportid 3: 8192 usages, 20 keys, array
wskbd2 at ucc0 mux 1
wskbd2: connecting to wsdisplay0
uhid1 at uhidev1 reportid 4: input=63, output=63, feature=0
vscsi0 at root
scsibus1 at vscsi0: 256 targets
softraid0 at root
scsibus2 at softraid0: 256 targets
root on sd0a (2a37705a13ba4e74.a) swap on sd0b dump on sd0b
WARNING: CHECK AND RESET THE DATE!
gpio0 at bcmgpio0: 54 pins
"bootloader" at mainbus0 not configured
bwfm0: address b8:27:eb:8f:f4:5c
ukbd0: was console keyboard
wskbd0 detached
ukbd0 detached
uhidev0 detached
wskbd1: disconnecting from wsdisplay0
wskbd1 detached
ukbd1 detached
uhid0 detached
wskbd2: disconnecting from wsdisplay0
wskbd2 detached
ucc0 detached
uhid1 detached
uhidev1 detached
